// Vitest Snapshot v1

exports[`generate > element 1`] = `
"const { toDisplayString:_toDisplayString, createElementVNode:_createElementVNode } = Vue
return function render(_ctx, _cache) {return _createElementVNode('div', null, 'hi,' + _toDisplayString(_ctx.message))}"
`;

exports[`generate > interpolation 1`] = `
"const { toDisplayString:_toDisplayString } = Vue
return function render(_ctx, _cache) {return _toDisplayString(_ctx.message)}"
`;

exports[`generate > string 1`] = `
"
return function render(_ctx, _cache) {return 'hi'}"
`;

exports[`generate element 1`] = `
"const { toDisplayString:_toDisplayString, createElementVNode:_createElementVNode } = Vue
return function render(_ctx, _cache) {return _createElementVNode('div', null, 'hi,' + _toDisplayString(_ctx.message))}"
`;

exports[`generate interpolation 1`] = `
"const { toDisplayString:_toDisplayString } = Vue
return function render(_ctx, _cache) {return _toDisplayString(_ctx.message)}"
`;

exports[`generate string 1`] = `
"
return function render(_ctx, _cache) {return 'hi'}"
`;
